RAM Allocation
Variable                                                          Address   Size
--------------------------------------------------------------------------------
PORT_F                                                            0x0500       1
PORTGG                                                            0x0501       1
PORTHH                                                            0x0502       1
PORTKK                                                            0x0503       1
skonczony_proces                                                  0x0504      20
proces                                                            0x0518      20
licznik_pucharow                                                  0x052C       2
licznik                                                           0x052E       2
jest_pret_pod_czujnikami                                          0x0530       2
czas_silnika_dokrecajacego_grzybki                                0x0532       2
czas_silnika_dokrecajacego_grzybki_stala                          0x0534       2
il_pretow_gwintowanych                                            0x0536       2
dlugosc_preta_gwintowanego                                        0x0538       2
sek0                                                              0x053A       4
sek1                                                              0x053E       4
sek2                                                              0x0542       4
sek3                                                              0x0546       4
sek4                                                              0x054A       4
sek5                                                              0x054E       4
sek0_7s                                                           0x0552       4
sek1_7s                                                           0x0556       4
sek2_7s                                                           0x055A       4
sek3_7s                                                           0x055E       4
czas_monterow                                                     0x0562       4
czas_na_transport_preta                                           0x0566       4
monter_1_time                                                     0x056A       4
monter_2_time                                                     0x056E       4
monter_3_time                                                     0x0572       4
stala_czasowa                                                     0x0576       4
licznik_spoznien_monter_1                                         0x057A       2
licznik_spoznien_monter_2                                         0x057C       2
licznik_spoznien_monter_3                                         0x057E       2
licznik_spoznien_monter_1_2                                       0x0580       2
licznik_spoznien_monter_3_nowy                                    0x0582       2
d                                                                 0x0584       2
dd                                                                0x0586       2
gg                                                                0x0588       2
klej                                                              0x058A       2
klej_slave                                                        0x058C       2
monter_slave                                                      0x058E       2
ff                                                                0x0590       2
z                                                                 0x0592       1
il_grzybkow                                                       0x0593       2
licz                                                              0x0595       2
grzybek_biezacy_dokrecony                                         0x0597       2
grzybek_dokrecony                                                 0x0599       2
oproznij_podajnik                                                 0x059B       2
metalowe_grzybki                                                  0x059D       2
zajechalem                                                        0x059F       2
sekwencja                                                         0x05A1       2
pierwszy_raz                                                      0x05A3       2
czas_monterow_stala                                               0x05A5       2
il_pretow_gwintowanych_stala                                      0x05A7       2
oczekiwanie_na_poprawienie                                        0x05A9       2
potw_zielonym_bo_pomyliles_pedal_z_potwierdz                      0x05AB       2
czekaj_komunikat                                                  0x05AD       2
przejechalem_czujnik_lub_jestem_na_nim                            0x05AF       2
licznik_niezakreconych_grzybkow                                   0x05B1       2
grzybek_jest_nakrecony_na_precie                                  0x05B3       2
licznik_wylatujacych_grzybkow                                     0x05B5       2
licznik_wyzwolen_kurtyny                                          0x05B7       2
licznik_pucharow_global                                           0x05B9       2
czas_zaloczonego_orientatora                                      0x05BB       4
zaloczono_kurtyne                                                 0x05BF       2
anuluj_biezace_zlecenie                                           0x05C1       2
licznik_niewlozonych_pretow_z_grzybkiem                           0x05C3       2
anuluj_biezace_zlecenie_const                                     0x05C5       2
msek_clock                                                        0x05C7       2
sek_clock                                                         0x05C9       2
min_clock                                                         0x05CB       2
godz_clock                                                        0x05CD       2
przez_sek_clock                                                   0x05CF       2
przez_min_clock                                                   0x05D1       2
przez_godz_clock                                                  0x05D3       2
tryb_male_puchary                                                 0x05D5       2
predkosc_wiezyczek_male_puchary                                   0x05D7       2
wynik_wyboru_male_puchary                                         0x05D9       2
wielkosc_kamienia                                                 0x05DB       2
wielkosc_kamienia_duze_puchary                                    0x05DD       2
wielkosc_kamienia_duze_puchary_old                                0x05DF       2
wiezyczka_prozniowa_global                                        0x05E1       2
na_pewno_przejechalem_grzebieniami_global                         0x05E3       2
tryb_kontynuacji                                                  0x05E5       2
czekaj_na_reset                                                   0x05E7       2
wiezyczka_prozniowa                                               0x05E9       2
wykrylem_normalna                                                 0x05EB       2
wykrylem_prozniowa                                                0x05ED       2
czekaj_na_reset                                                   0x05EF       2
wiezyczka_prozniowa                                               0x05F1       2
wykrylem_normalna                                                 0x05F3       2
wykrylem_prozniowa                                                0x05F5       2
licznik_wykrylem_normalna                                         0x05F7       2
licznik_wykrylem_prozniowa                                        0x05F9       2
czekaj_na_reset                                                   0x05FB       2
wiezyczka_prozniowa                                               0x05FD       2
wykrylem_normalna                                                 0x05FF       2
wykrylem_prozniowa                                                0x0601       2
licznik_wykrylem_normalna                                         0x0603       2
licznik_wykrylem_prozniowa                                        0x0605       2
_seed                                                             0x0607       4

EEPROM Allocation
Variable                                                          Address   Size
--------------------------------------------------------------------------------

Register Allocation
Variable                                                          Register  Size
--------------------------------------------------------------------------------
monter_1_skonczyl                                                 R4,R5        2
monter_2_skonczyl                                                 R6,R7        2
monter_3_skonczyl                                                 R8,R9        2
monterzy_skonczyli                                                R10,R11      2
start                                                             R12,R13      2
